[    1098ms] [INFO] %cDownload the React DevTools for a better development experience: https://react.dev/link/react-devtools font-weight:bold @ http://localhost:3000/_next/static/chunks/node_modules_next_dist_1e8vcs8._.js:776
[    1488ms] [LOG] [HMR] connected @ http://localhost:3000/_next/static/chunks/node_modules_next_dist_1e8vcs8._.js:776
[    3453ms] Error: Switched to client rendering because the server rendering errored:

Cannot read properties of null (reading 'useMemoCache')
    at process.env.NODE_ENV.exports.c (C:\okemmanuel\2026-portfolio\node_modules\react\cjs\react-compiler-runtime.development.js:22:25)
    at Studio (file:///C:/okemmanuel/2026-portfolio/node_modules/sanity/lib/index.js:17330:10)
    at Object.react_stack_bottom_frame (C:\okemmanuel\2026-portfolio\node_modules\next\dist\compiled\next-server\app-page-turbo.runtime.dev.js:2:318217)
    at renderWithHooks (C:\okemmanuel\2026-portfolio\node_modules\next\dist\compiled\next-server\app-page-turbo.runtime.dev.js:2:120350)
    at renderElement (C:\okemmanuel\2026-portfolio\node_modules\next\dist\compiled\next-server\app-page-turbo.runtime.dev.js:2:135019)
    at retryNode (C:\okemmanuel\2026-portfolio\node_modules\next\dist\compiled\next-server\app-page-turbo.runtime.dev.js:2:204118)
    at renderNodeDestructive (C:\okemmanuel\2026-portfolio\node_modules\next\dist\compiled\next-server\app-page-turbo.runtime.dev.js:2:203353)
    at renderNode (C:\okemmanuel\2026-portfolio\node_modules\next\dist\compiled\next-server\app-page-turbo.runtime.dev.js:2:215415)
    at renderElement (C:\okemmanuel\2026-portfolio\node_modules\next\dist\compiled\next-server\app-page-turbo.runtime.dev.js:2:183795)
    at retryNode (C:\okemmanuel\2026-portfolio\node_modules\next\dist\compiled\next-server\app-page-turbo.runtime.dev.js:2:204118)
    at renderNodeDestructive (C:\okemmanuel\2026-portfolio\node_modules\next\dist\compiled\next-server\app-page-turbo.runtime.dev.js:2:203353)
    at finishFunctionComponent (C:\okemmanuel\2026-portfolio\node_modules\next\dist\compiled\next-server\app-page-turbo.runtime.dev.js:2:121360)
    at renderElement (C:\okemmanuel\2026-portfolio\node_modules\next\dist\compiled\next-server\app-page-turbo.runtime.dev.js:2:136524)
    at retryNode (C:\okemmanuel\2026-portfolio\node_modules\next\dist\compiled\next-server\app-page-turbo.runtime.dev.js:2:204118)
    at renderNodeDestructive (C:\okemmanuel\2026-portfolio\node_modules\next\dist\compiled\next-server\app-page-turbo.runtime.dev.js:2:203353)
    at renderNode (C:\okemmanuel\2026-portfolio\node_modules\next\dist\compiled\next-server\app-page-turbo.runtime.dev.js:2:215415)
    at renderChildrenArray (C:\okemmanuel\2026-portfolio\node_modules\next\dist\compiled\next-server\app-page-turbo.runtime.dev.js:2:209878)
    at retryNode (C:\okemmanuel\2026-portfolio\node_modules\next\dist\compiled\next-server\app-page-turbo.runtime.dev.js:2:204591)
    at renderNodeDestructive (C:\okemmanuel\2026-portfolio\node_modules\next\dist\compiled\next-server\app-page-turbo.runtime.dev.js:2:203353)
    at renderElement (C:\okemmanuel\2026-portfolio\node_modules\next\dist\compiled\next-server\app-page-turbo.runtime.dev.js:2:184695)
    at retryNode (C:\okemmanuel\2026-portfolio\node_modules\next\dist\compiled\next-server\app-page-turbo.runtime.dev.js:2:204118)
    at renderNodeDestructive (C:\okemmanuel\2026-portfolio\node_modules\next\dist\compiled\next-server\app-page-turbo.runtime.dev.js:2:203353)
    at finishFunctionComponent (C:\okemmanuel\2026-portfolio\node_modules\next\dist\compiled\next-server\app-page-turbo.runtime.dev.js:2:121360)
    at renderElement (C:\okemmanuel\2026-portfolio\node_modules\next\dist\compiled\next-server\app-page-turbo.runtime.dev.js:2:136524)
    at renderElement (C:\okemmanuel\2026-portfolio\node_modules\next\dist\compiled\next-server\app-page-turbo.runtime.dev.js:2:196947)
    at retryNode (C:\okemmanuel\2026-portfolio\node_modules\next\dist\compiled\next-server\app-page-turbo.runtime.dev.js:2:204118)
    at renderNodeDestructive (C:\okemmanuel\2026-portfolio\node_modules\next\dist\compiled\next-server\app-page-turbo.runtime.dev.js:2:203353)
    at renderNode (C:\okemmanuel\2026-portfolio\node_modules\next\dist\compiled\next-server\app-page-turbo.runtime.dev.js:2:215415)
    at renderElement (C:\okemmanuel\2026-portfolio\node_modules\next\dist\compiled\next-server\app-page-turbo.runtime.dev.js:2:192132)
    at retryNode (C:\okemmanuel\2026-portfolio\node_modules\next\dist\compiled\next-server\app-page-turbo.runtime.dev.js:2:204118)
    at renderNodeDestructive (C:\okemmanuel\2026-portfolio\node_modules\next\dist\compiled\next-server\app-page-turbo.runtime.dev.js:2:203353)
    at finishFunctionComponent (C:\okemmanuel\2026-portfolio\node_modules\next\dist\compiled\next-server\app-page-turbo.runtime.dev.js:2:121360)
    at renderElement (C:\okemmanuel\2026-portfolio\node_modules\next\dist\compiled\next-server\app-page-turbo.runtime.dev.js:2:136524)
    at retryNode (C:\okemmanuel\2026-portfolio\node_modules\next\dist\compiled\next-server\app-page-turbo.runtime.dev.js:2:204118)
    at renderNodeDestructive (C:\okemmanuel\2026-portfolio\node_modules\next\dist\compiled\next-server\app-page-turbo.runtime.dev.js:2:203353)
    at renderNode (C:\okemmanuel\2026-portfolio\node_modules\next\dist\compiled\next-server\app-page-turbo.runtime.dev.js:2:215415)
    at renderChildrenArray (C:\okemmanuel\2026-portfolio\node_modules\next\dist\compiled\next-server\app-page-turbo.runtime.dev.js:2:209878)
    at retryNode (C:\okemmanuel\2026-portfolio\node_modules\next\dist\compiled\next-server\app-page-turbo.runtime.dev.js:2:204591)
    at renderNodeDestructive (C:\okemmanuel\2026-portfolio\node_modules\next\dist\compiled\next-server\app-page-turbo.runtime.dev.js:2:203353)
    at renderElement (C:\okemmanuel\2026-portfolio\node_modules\next\dist\compiled\next-server\app-page-turbo.runtime.dev.js:2:184695)
    at retryNode (C:\okemmanuel\2026-portfolio\node_modules\next\dist\compiled\next-server\app-page-turbo.runtime.dev.js:2:204118)
    at renderNodeDestructive (C:\okemmanuel\2026-portfolio\node_modules\next\dist\compiled\next-server\app-page-turbo.runtime.dev.js:2:203353)
    at finishFunctionComponent (C:\okemmanuel\2026-portfolio\node_modules\next\dist\compiled\next-server\app-page-turbo.runtime.dev.js:2:121360)
    at renderElement (C:\okemmanuel\2026-portfolio\node_modules\next\dist\compiled\next-server\app-page-turbo.runtime.dev.js:2:136524)
    at retryNode (C:\okemmanuel\2026-portfolio\node_modules\next\dist\compiled\next-server\app-page-turbo.runtime.dev.js:2:204118)
    at renderNodeDestructive (C:\okemmanuel\2026-portfolio\node_modules\next\dist\compiled\next-server\app-page-turbo.runtime.dev.js:2:203353)
    at finishFunctionComponent (C:\okemmanuel\2026-portfolio\node_modules\next\dist\compiled\next-server\app-page-turbo.runtime.dev.js:2:121360)
    at renderElement (C:\okemmanuel\2026-portfolio\node_modules\next\dist\compiled\next-server\app-page-turbo.runtime.dev.js:2:136524)
    at renderElement (C:\okemmanuel\2026-portfolio\node_modules\next\dist\compiled\next-server\app-page-turbo.runtime.dev.js:2:196947)
    at retryNode (C:\okemmanuel\2026-portfolio\node_modules\next\dist\compiled\next-server\app-page-turbo.runtime.dev.js:2:204118)
[   15718ms] [ERROR] Access to fetch at 'https://uyu3zpj8.api.sanity.io/v2026-05-04/users/me?tag=sanity.studio.users.get-current.initial' from origin 'http://localhost:3000' has been blocked by CORS policy: Response to preflight request doesn't pass access control check: No 'Access-Control-Allow-Origin' header is present on the requested resource. @ http://localhost:3000/studio:0
[   15721ms] [ERROR] Failed to load resource: net::ERR_FAILED @ https://uyu3zpj8.api.sanity.io/v2026-05-04/users/me?tag=sanity.studio.users.get-current.initial:0
[   16086ms] [ERROR] Access to fetch at 'https://uyu3zpj8.api.sanity.io/v2026-05-04/users/me?tag=sanity.studio.users.get-current.initial' from origin 'http://localhost:3000' has been blocked by CORS policy: Response to preflight request doesn't pass access control check: No 'Access-Control-Allow-Origin' header is present on the requested resource. @ http://localhost:3000/studio:0
[   16087ms] [ERROR] Failed to load resource: net::ERR_FAILED @ https://uyu3zpj8.api.sanity.io/v2026-05-04/users/me?tag=sanity.studio.users.get-current.initial:0
[   17196ms] [ERROR] Access to fetch at 'https://uyu3zpj8.api.sanity.io/v2026-05-04/users/me?tag=sanity.studio.users.get-current.initial' from origin 'http://localhost:3000' has been blocked by CORS policy: Response to preflight request doesn't pass access control check: No 'Access-Control-Allow-Origin' header is present on the requested resource. @ http://localhost:3000/studio:0
[   17196ms] [ERROR] Failed to load resource: net::ERR_FAILED @ https://uyu3zpj8.api.sanity.io/v2026-05-04/users/me?tag=sanity.studio.users.get-current.initial:0
[   17800ms] [ERROR] Access to fetch at 'https://uyu3zpj8.api.sanity.io/v2026-05-04/users/me?tag=sanity.studio.users.get-current.initial' from origin 'http://localhost:3000' has been blocked by CORS policy: Response to preflight request doesn't pass access control check: No 'Access-Control-Allow-Origin' header is present on the requested resource. @ http://localhost:3000/studio:0
[   17800ms] [ERROR] Failed to load resource: net::ERR_FAILED @ https://uyu3zpj8.api.sanity.io/v2026-05-04/users/me?tag=sanity.studio.users.get-current.initial:0
[   18868ms] [ERROR] Access to fetch at 'https://uyu3zpj8.api.sanity.io/v2026-05-04/users/me?tag=sanity.studio.users.get-current.initial' from origin 'http://localhost:3000' has been blocked by CORS policy: Response to preflight request doesn't pass access control check: No 'Access-Control-Allow-Origin' header is present on the requested resource. @ http://localhost:3000/studio:0
[   18868ms] [ERROR] Failed to load resource: net::ERR_FAILED @ https://uyu3zpj8.api.sanity.io/v2026-05-04/users/me?tag=sanity.studio.users.get-current.initial:0
[   20727ms] [ERROR] Access to fetch at 'https://uyu3zpj8.api.sanity.io/v2026-05-04/users/me?tag=sanity.studio.users.get-current.initial' from origin 'http://localhost:3000' has been blocked by CORS policy: Response to preflight request doesn't pass access control check: No 'Access-Control-Allow-Origin' header is present on the requested resource. @ http://localhost:3000/studio:0
[   20728ms] [ERROR] Failed to load resource: net::ERR_FAILED @ https://uyu3zpj8.api.sanity.io/v2026-05-04/users/me?tag=sanity.studio.users.get-current.initial:0
[   27411ms] [ERROR] Access to fetch at 'https://uyu3zpj8.api.sanity.io/v2026-05-04/users/me?tag=sanity.studio.users.get-current.initial' from origin 'http://localhost:3000' has been blocked by CORS policy: Response to preflight request doesn't pass access control check: No 'Access-Control-Allow-Origin' header is present on the requested resource. @ http://localhost:3000/studio:0
[   27411ms] [ERROR] Failed to load resource: net::ERR_FAILED @ https://uyu3zpj8.api.sanity.io/v2026-05-04/users/me?tag=sanity.studio.users.get-current.initial:0
[   28072ms] [ERROR] Access to fetch at 'https://uyu3zpj8.api.sanity.io/v2026-05-04/users/me?tag=sanity.studio.users.get-current.initial' from origin 'http://localhost:3000' has been blocked by CORS policy: Response to preflight request doesn't pass access control check: No 'Access-Control-Allow-Origin' header is present on the requested resource. @ http://localhost:3000/studio:0
[   28072ms] [ERROR] Failed to load resource: net::ERR_FAILED @ https://uyu3zpj8.api.sanity.io/v2026-05-04/users/me?tag=sanity.studio.users.get-current.initial:0
[   29020ms] [ERROR] Access to fetch at 'https://uyu3zpj8.api.sanity.io/v2026-05-04/users/me?tag=sanity.studio.users.get-current.initial' from origin 'http://localhost:3000' has been blocked by CORS policy: Response to preflight request doesn't pass access control check: No 'Access-Control-Allow-Origin' header is present on the requested resource. @ http://localhost:3000/studio:0
[   29020ms] [ERROR] Failed to load resource: net::ERR_FAILED @ https://uyu3zpj8.api.sanity.io/v2026-05-04/users/me?tag=sanity.studio.users.get-current.initial:0
[   29709ms] [ERROR] Access to fetch at 'https://uyu3zpj8.api.sanity.io/v2026-05-04/users/me?tag=sanity.studio.users.get-current.initial' from origin 'http://localhost:3000' has been blocked by CORS policy: Response to preflight request doesn't pass access control check: No 'Access-Control-Allow-Origin' header is present on the requested resource. @ http://localhost:3000/studio:0
[   29709ms] [ERROR] Failed to load resource: net::ERR_FAILED @ https://uyu3zpj8.api.sanity.io/v2026-05-04/users/me?tag=sanity.studio.users.get-current.initial:0
[   30729ms] [ERROR] Access to fetch at 'https://uyu3zpj8.api.sanity.io/v2026-05-04/users/me?tag=sanity.studio.users.get-current.initial' from origin 'http://localhost:3000' has been blocked by CORS policy: Response to preflight request doesn't pass access control check: No 'Access-Control-Allow-Origin' header is present on the requested resource. @ http://localhost:3000/studio:0
[   30729ms] [ERROR] Failed to load resource: net::ERR_FAILED @ https://uyu3zpj8.api.sanity.io/v2026-05-04/users/me?tag=sanity.studio.users.get-current.initial:0
[   32542ms] [ERROR] Access to fetch at 'https://uyu3zpj8.api.sanity.io/v2026-05-04/users/me?tag=sanity.studio.users.get-current.initial' from origin 'http://localhost:3000' has been blocked by CORS policy: Response to preflight request doesn't pass access control check: No 'Access-Control-Allow-Origin' header is present on the requested resource. @ http://localhost:3000/studio:0
[   32543ms] [ERROR] Failed to load resource: net::ERR_FAILED @ https://uyu3zpj8.api.sanity.io/v2026-05-04/users/me?tag=sanity.studio.users.get-current.initial:0
[   43443ms] [ERROR] Access to fetch at 'https://uyu3zpj8.api.sanity.io/v2026-05-04/users/me?tag=sanity.studio.users.get-current.initial' from origin 'http://localhost:3000' has been blocked by CORS policy: Response to preflight request doesn't pass access control check: No 'Access-Control-Allow-Origin' header is present on the requested resource. @ http://localhost:3000/studio:0
[   43443ms] [ERROR] Failed to load resource: net::ERR_FAILED @ https://uyu3zpj8.api.sanity.io/v2026-05-04/users/me?tag=sanity.studio.users.get-current.initial:0
[   43765ms] [ERROR] Access to fetch at 'https://uyu3zpj8.api.sanity.io/v2026-05-04/users/me?tag=sanity.studio.users.get-current.initial' from origin 'http://localhost:3000' has been blocked by CORS policy: Response to preflight request doesn't pass access control check: No 'Access-Control-Allow-Origin' header is present on the requested resource. @ http://localhost:3000/studio:0
[   43766ms] [ERROR] Failed to load resource: net::ERR_FAILED @ https://uyu3zpj8.api.sanity.io/v2026-05-04/users/me?tag=sanity.studio.users.get-current.initial:0
[   44145ms] [ERROR] Access to fetch at 'https://uyu3zpj8.api.sanity.io/v2026-05-04/users/me?tag=sanity.studio.users.get-current.initial' from origin 'http://localhost:3000' has been blocked by CORS policy: Response to preflight request doesn't pass access control check: No 'Access-Control-Allow-Origin' header is present on the requested resource. @ http://localhost:3000/studio:0
[   44145ms] [ERROR] Failed to load resource: net::ERR_FAILED @ https://uyu3zpj8.api.sanity.io/v2026-05-04/users/me?tag=sanity.studio.users.get-current.initial:0
[   44779ms] [ERROR] Access to fetch at 'https://uyu3zpj8.api.sanity.io/v2026-05-04/users/me?tag=sanity.studio.users.get-current.initial' from origin 'http://localhost:3000' has been blocked by CORS policy: Response to preflight request doesn't pass access control check: No 'Access-Control-Allow-Origin' header is present on the requested resource. @ http://localhost:3000/studio:0
[   44779ms] [ERROR] Failed to load resource: net::ERR_FAILED @ https://uyu3zpj8.api.sanity.io/v2026-05-04/users/me?tag=sanity.studio.users.get-current.initial:0
[   45800ms] [ERROR] Access to fetch at 'https://uyu3zpj8.api.sanity.io/v2026-05-04/users/me?tag=sanity.studio.users.get-current.initial' from origin 'http://localhost:3000' has been blocked by CORS policy: Response to preflight request doesn't pass access control check: No 'Access-Control-Allow-Origin' header is present on the requested resource. @ http://localhost:3000/studio:0
[   45800ms] [ERROR] Failed to load resource: net::ERR_FAILED @ https://uyu3zpj8.api.sanity.io/v2026-05-04/users/me?tag=sanity.studio.users.get-current.initial:0
[   47606ms] [ERROR] Access to fetch at 'https://uyu3zpj8.api.sanity.io/v2026-05-04/users/me?tag=sanity.studio.users.get-current.initial' from origin 'http://localhost:3000' has been blocked by CORS policy: Response to preflight request doesn't pass access control check: No 'Access-Control-Allow-Origin' header is present on the requested resource. @ http://localhost:3000/studio:0
[   47606ms] [ERROR] Failed to load resource: net::ERR_FAILED @ https://uyu3zpj8.api.sanity.io/v2026-05-04/users/me?tag=sanity.studio.users.get-current.initial:0
[   52974ms] [ERROR] Access to fetch at 'https://uyu3zpj8.api.sanity.io/v2026-05-04/users/me?tag=sanity.studio.users.get-current.initial' from origin 'http://localhost:3000' has been blocked by CORS policy: Response to preflight request doesn't pass access control check: No 'Access-Control-Allow-Origin' header is present on the requested resource. @ http://localhost:3000/studio:0
[   52974ms] [ERROR] Failed to load resource: net::ERR_FAILED @ https://uyu3zpj8.api.sanity.io/v2026-05-04/users/me?tag=sanity.studio.users.get-current.initial:0
[   53268ms] [ERROR] Access to fetch at 'https://uyu3zpj8.api.sanity.io/v2026-05-04/users/me?tag=sanity.studio.users.get-current.initial' from origin 'http://localhost:3000' has been blocked by CORS policy: Response to preflight request doesn't pass access control check: No 'Access-Control-Allow-Origin' header is present on the requested resource. @ http://localhost:3000/studio:0
[   53268ms] [ERROR] Failed to load resource: net::ERR_FAILED @ https://uyu3zpj8.api.sanity.io/v2026-05-04/users/me?tag=sanity.studio.users.get-current.initial:0
[   53854ms] [ERROR] Access to fetch at 'https://uyu3zpj8.api.sanity.io/v2026-05-04/users/me?tag=sanity.studio.users.get-current.initial' from origin 'http://localhost:3000' has been blocked by CORS policy: Response to preflight request doesn't pass access control check: No 'Access-Control-Allow-Origin' header is present on the requested resource. @ http://localhost:3000/studio:0
[   53854ms] [ERROR] Failed to load resource: net::ERR_FAILED @ https://uyu3zpj8.api.sanity.io/v2026-05-04/users/me?tag=sanity.studio.users.get-current.initial:0
[   54585ms] [ERROR] Access to fetch at 'https://uyu3zpj8.api.sanity.io/v2026-05-04/users/me?tag=sanity.studio.users.get-current.initial' from origin 'http://localhost:3000' has been blocked by CORS policy: Response to preflight request doesn't pass access control check: No 'Access-Control-Allow-Origin' header is present on the requested resource. @ http://localhost:3000/studio:0
[   54585ms] [ERROR] Failed to load resource: net::ERR_FAILED @ https://uyu3zpj8.api.sanity.io/v2026-05-04/users/me?tag=sanity.studio.users.get-current.initial:0
[   55720ms] [ERROR] Access to fetch at 'https://uyu3zpj8.api.sanity.io/v2026-05-04/users/me?tag=sanity.studio.users.get-current.initial' from origin 'http://localhost:3000' has been blocked by CORS policy: Response to preflight request doesn't pass access control check: No 'Access-Control-Allow-Origin' header is present on the requested resource. @ http://localhost:3000/studio:0
[   55720ms] [ERROR] Failed to load resource: net::ERR_FAILED @ https://uyu3zpj8.api.sanity.io/v2026-05-04/users/me?tag=sanity.studio.users.get-current.initial:0
[   57562ms] [ERROR] Access to fetch at 'https://uyu3zpj8.api.sanity.io/v2026-05-04/users/me?tag=sanity.studio.users.get-current.initial' from origin 'http://localhost:3000' has been blocked by CORS policy: Response to preflight request doesn't pass access control check: No 'Access-Control-Allow-Origin' header is present on the requested resource. @ http://localhost:3000/studio:0
[   57563ms] [ERROR] Failed to load resource: net::ERR_FAILED @ https://uyu3zpj8.api.sanity.io/v2026-05-04/users/me?tag=sanity.studio.users.get-current.initial:0
[   62886ms] [ERROR] Access to fetch at 'https://uyu3zpj8.api.sanity.io/v2026-05-04/users/me?tag=sanity.studio.users.get-current.initial' from origin 'http://localhost:3000' has been blocked by CORS policy: Response to preflight request doesn't pass access control check: No 'Access-Control-Allow-Origin' header is present on the requested resource. @ http://localhost:3000/studio:0
[   62886ms] [ERROR] Failed to load resource: net::ERR_FAILED @ https://uyu3zpj8.api.sanity.io/v2026-05-04/users/me?tag=sanity.studio.users.get-current.initial:0
[   63178ms] [ERROR] Access to fetch at 'https://uyu3zpj8.api.sanity.io/v2026-05-04/users/me?tag=sanity.studio.users.get-current.initial' from origin 'http://localhost:3000' has been blocked by CORS policy: Response to preflight request doesn't pass access control check: No 'Access-Control-Allow-Origin' header is present on the requested resource. @ http://localhost:3000/studio:0
[   63178ms] [ERROR] Failed to load resource: net::ERR_FAILED @ https://uyu3zpj8.api.sanity.io/v2026-05-04/users/me?tag=sanity.studio.users.get-current.initial:0
[   63656ms] [ERROR] Access to fetch at 'https://uyu3zpj8.api.sanity.io/v2026-05-04/users/me?tag=sanity.studio.users.get-current.initial' from origin 'http://localhost:3000' has been blocked by CORS policy: Response to preflight request doesn't pass access control check: No 'Access-Control-Allow-Origin' header is present on the requested resource. @ http://localhost:3000/studio:0
[   63656ms] [ERROR] Failed to load resource: net::ERR_FAILED @ https://uyu3zpj8.api.sanity.io/v2026-05-04/users/me?tag=sanity.studio.users.get-current.initial:0
[   64240ms] [ERROR] Access to fetch at 'https://uyu3zpj8.api.sanity.io/v2026-05-04/users/me?tag=sanity.studio.users.get-current.initial' from origin 'http://localhost:3000' has been blocked by CORS policy: Response to preflight request doesn't pass access control check: No 'Access-Control-Allow-Origin' header is present on the requested resource. @ http://localhost:3000/studio:0
[   64240ms] [ERROR] Failed to load resource: net::ERR_FAILED @ https://uyu3zpj8.api.sanity.io/v2026-05-04/users/me?tag=sanity.studio.users.get-current.initial:0
[   65276ms] [ERROR] Access to fetch at 'https://uyu3zpj8.api.sanity.io/v2026-05-04/users/me?tag=sanity.studio.users.get-current.initial' from origin 'http://localhost:3000' has been blocked by CORS policy: Response to preflight request doesn't pass access control check: No 'Access-Control-Allow-Origin' header is present on the requested resource. @ http://localhost:3000/studio:0
[   65276ms] [ERROR] Failed to load resource: net::ERR_FAILED @ https://uyu3zpj8.api.sanity.io/v2026-05-04/users/me?tag=sanity.studio.users.get-current.initial:0
[   67242ms] [ERROR] Access to fetch at 'https://uyu3zpj8.api.sanity.io/v2026-05-04/users/me?tag=sanity.studio.users.get-current.initial' from origin 'http://localhost:3000' has been blocked by CORS policy: Response to preflight request doesn't pass access control check: No 'Access-Control-Allow-Origin' header is present on the requested resource. @ http://localhost:3000/studio:0
[   67242ms] [ERROR] Failed to load resource: net::ERR_FAILED @ https://uyu3zpj8.api.sanity.io/v2026-05-04/users/me?tag=sanity.studio.users.get-current.initial:0
[   72584ms] [ERROR] Access to fetch at 'https://uyu3zpj8.api.sanity.io/v2026-05-04/users/me?tag=sanity.studio.users.get-current.initial' from origin 'http://localhost:3000' has been blocked by CORS policy: Response to preflight request doesn't pass access control check: No 'Access-Control-Allow-Origin' header is present on the requested resource. @ http://localhost:3000/studio:0
[   72585ms] [ERROR] Failed to load resource: net::ERR_FAILED @ https://uyu3zpj8.api.sanity.io/v2026-05-04/users/me?tag=sanity.studio.users.get-current.initial:0
[   72920ms] [ERROR] Access to fetch at 'https://uyu3zpj8.api.sanity.io/v2026-05-04/users/me?tag=sanity.studio.users.get-current.initial' from origin 'http://localhost:3000' has been blocked by CORS policy: Response to preflight request doesn't pass access control check: No 'Access-Control-Allow-Origin' header is present on the requested resource. @ http://localhost:3000/studio:0
[   72920ms] [ERROR] Failed to load resource: net::ERR_FAILED @ https://uyu3zpj8.api.sanity.io/v2026-05-04/users/me?tag=sanity.studio.users.get-current.initial:0
[   73376ms] [ERROR] Access to fetch at 'https://uyu3zpj8.api.sanity.io/v2026-05-04/users/me?tag=sanity.studio.users.get-current.initial' from origin 'http://localhost:3000' has been blocked by CORS policy: Response to preflight request doesn't pass access control check: No 'Access-Control-Allow-Origin' header is present on the requested resource. @ http://localhost:3000/studio:0
[   73376ms] [ERROR] Failed to load resource: net::ERR_FAILED @ https://uyu3zpj8.api.sanity.io/v2026-05-04/users/me?tag=sanity.studio.users.get-current.initial:0
[   73980ms] [ERROR] Access to fetch at 'https://uyu3zpj8.api.sanity.io/v2026-05-04/users/me?tag=sanity.studio.users.get-current.initial' from origin 'http://localhost:3000' has been blocked by CORS policy: Response to preflight request doesn't pass access control check: No 'Access-Control-Allow-Origin' header is present on the requested resource. @ http://localhost:3000/studio:0
[   73980ms] [ERROR] Failed to load resource: net::ERR_FAILED @ https://uyu3zpj8.api.sanity.io/v2026-05-04/users/me?tag=sanity.studio.users.get-current.initial:0
[   75040ms] [ERROR] Access to fetch at 'https://uyu3zpj8.api.sanity.io/v2026-05-04/users/me?tag=sanity.studio.users.get-current.initial' from origin 'http://localhost:3000' has been blocked by CORS policy: Response to preflight request doesn't pass access control check: No 'Access-Control-Allow-Origin' header is present on the requested resource. @ http://localhost:3000/studio:0
[   75040ms] [ERROR] Failed to load resource: net::ERR_FAILED @ https://uyu3zpj8.api.sanity.io/v2026-05-04/users/me?tag=sanity.studio.users.get-current.initial:0
[   76840ms] [ERROR] Access to fetch at 'https://uyu3zpj8.api.sanity.io/v2026-05-04/users/me?tag=sanity.studio.users.get-current.initial' from origin 'http://localhost:3000' has been blocked by CORS policy: Response to preflight request doesn't pass access control check: No 'Access-Control-Allow-Origin' header is present on the requested resource. @ http://localhost:3000/studio:0
[   76840ms] [ERROR] Failed to load resource: net::ERR_FAILED @ https://uyu3zpj8.api.sanity.io/v2026-05-04/users/me?tag=sanity.studio.users.get-current.initial:0
[   82275ms] [ERROR] Access to fetch at 'https://uyu3zpj8.api.sanity.io/v2026-05-04/users/me?tag=sanity.studio.users.get-current.initial' from origin 'http://localhost:3000' has been blocked by CORS policy: Response to preflight request doesn't pass access control check: No 'Access-Control-Allow-Origin' header is present on the requested resource. @ http://localhost:3000/studio:0
[   82275ms] [ERROR] Failed to load resource: net::ERR_FAILED @ https://uyu3zpj8.api.sanity.io/v2026-05-04/users/me?tag=sanity.studio.users.get-current.initial:0
[   82695ms] [ERROR] Access to fetch at 'https://uyu3zpj8.api.sanity.io/v2026-05-04/users/me?tag=sanity.studio.users.get-current.initial' from origin 'http://localhost:3000' has been blocked by CORS policy: Response to preflight request doesn't pass access control check: No 'Access-Control-Allow-Origin' header is present on the requested resource. @ http://localhost:3000/studio:0
[   82695ms] [ERROR] Failed to load resource: net::ERR_FAILED @ https://uyu3zpj8.api.sanity.io/v2026-05-04/users/me?tag=sanity.studio.users.get-current.initial:0
[   83206ms] [ERROR] Access to fetch at 'https://uyu3zpj8.api.sanity.io/v2026-05-04/users/me?tag=sanity.studio.users.get-current.initial' from origin 'http://localhost:3000' has been blocked by CORS policy: Response to preflight request doesn't pass access control check: No 'Access-Control-Allow-Origin' header is present on the requested resource. @ http://localhost:3000/studio:0
[   83207ms] [ERROR] Failed to load resource: net::ERR_FAILED @ https://uyu3zpj8.api.sanity.io/v2026-05-04/users/me?tag=sanity.studio.users.get-current.initial:0
[   83924ms] [ERROR] Access to fetch at 'https://uyu3zpj8.api.sanity.io/v2026-05-04/users/me?tag=sanity.studio.users.get-current.initial' from origin 'http://localhost:3000' has been blocked by CORS policy: Response to preflight request doesn't pass access control check: No 'Access-Control-Allow-Origin' header is present on the requested resource. @ http://localhost:3000/studio:0
[   83924ms] [ERROR] Failed to load resource: net::ERR_FAILED @ https://uyu3zpj8.api.sanity.io/v2026-05-04/users/me?tag=sanity.studio.users.get-current.initial:0
[   84948ms] [ERROR] Access to fetch at 'https://uyu3zpj8.api.sanity.io/v2026-05-04/users/me?tag=sanity.studio.users.get-current.initial' from origin 'http://localhost:3000' has been blocked by CORS policy: Response to preflight request doesn't pass access control check: No 'Access-Control-Allow-Origin' header is present on the requested resource. @ http://localhost:3000/studio:0
[   84948ms] [ERROR] Failed to load resource: net::ERR_FAILED @ https://uyu3zpj8.api.sanity.io/v2026-05-04/users/me?tag=sanity.studio.users.get-current.initial:0
[   86804ms] [ERROR] Access to fetch at 'https://uyu3zpj8.api.sanity.io/v2026-05-04/users/me?tag=sanity.studio.users.get-current.initial' from origin 'http://localhost:3000' has been blocked by CORS policy: Response to preflight request doesn't pass access control check: No 'Access-Control-Allow-Origin' header is present on the requested resource. @ http://localhost:3000/studio:0
[   86804ms] [ERROR] Failed to load resource: net::ERR_FAILED @ https://uyu3zpj8.api.sanity.io/v2026-05-04/users/me?tag=sanity.studio.users.get-current.initial:0
[   92252ms] [ERROR] Access to fetch at 'https://uyu3zpj8.api.sanity.io/v2026-05-04/users/me?tag=sanity.studio.users.get-current.initial' from origin 'http://localhost:3000' has been blocked by CORS policy: Response to preflight request doesn't pass access control check: No 'Access-Control-Allow-Origin' header is present on the requested resource. @ http://localhost:3000/studio:0
[   92252ms] [ERROR] Failed to load resource: net::ERR_FAILED @ https://uyu3zpj8.api.sanity.io/v2026-05-04/users/me?tag=sanity.studio.users.get-current.initial:0
[   92675ms] [ERROR] Access to fetch at 'https://uyu3zpj8.api.sanity.io/v2026-05-04/users/me?tag=sanity.studio.users.get-current.initial' from origin 'http://localhost:3000' has been blocked by CORS policy: Response to preflight request doesn't pass access control check: No 'Access-Control-Allow-Origin' header is present on the requested resource. @ http://localhost:3000/studio:0
[   92675ms] [ERROR] Failed to load resource: net::ERR_FAILED @ https://uyu3zpj8.api.sanity.io/v2026-05-04/users/me?tag=sanity.studio.users.get-current.initial:0
[   93079ms] [ERROR] Access to fetch at 'https://uyu3zpj8.api.sanity.io/v2026-05-04/users/me?tag=sanity.studio.users.get-current.initial' from origin 'http://localhost:3000' has been blocked by CORS policy: Response to preflight request doesn't pass access control check: No 'Access-Control-Allow-Origin' header is present on the requested resource. @ http://localhost:3000/studio:0
[   93079ms] [ERROR] Failed to load resource: net::ERR_FAILED @ https://uyu3zpj8.api.sanity.io/v2026-05-04/users/me?tag=sanity.studio.users.get-current.initial:0
[   93689ms] [ERROR] Access to fetch at 'https://uyu3zpj8.api.sanity.io/v2026-05-04/users/me?tag=sanity.studio.users.get-current.initial' from origin 'http://localhost:3000' has been blocked by CORS policy: Response to preflight request doesn't pass access control check: No 'Access-Control-Allow-Origin' header is present on the requested resource. @ http://localhost:3000/studio:0
[   93689ms] [ERROR] Failed to load resource: net::ERR_FAILED @ https://uyu3zpj8.api.sanity.io/v2026-05-04/users/me?tag=sanity.studio.users.get-current.initial:0
[   94734ms] [ERROR] Access to fetch at 'https://uyu3zpj8.api.sanity.io/v2026-05-04/users/me?tag=sanity.studio.users.get-current.initial' from origin 'http://localhost:3000' has been blocked by CORS policy: Response to preflight request doesn't pass access control check: No 'Access-Control-Allow-Origin' header is present on the requested resource. @ http://localhost:3000/studio:0
[   94734ms] [ERROR] Failed to load resource: net::ERR_FAILED @ https://uyu3zpj8.api.sanity.io/v2026-05-04/users/me?tag=sanity.studio.users.get-current.initial:0
[   96544ms] [ERROR] Access to fetch at 'https://uyu3zpj8.api.sanity.io/v2026-05-04/users/me?tag=sanity.studio.users.get-current.initial' from origin 'http://localhost:3000' has been blocked by CORS policy: Response to preflight request doesn't pass access control check: No 'Access-Control-Allow-Origin' header is present on the requested resource. @ http://localhost:3000/studio:0
[   96544ms] [ERROR] Failed to load resource: net::ERR_FAILED @ https://uyu3zpj8.api.sanity.io/v2026-05-04/users/me?tag=sanity.studio.users.get-current.initial:0
[  101889ms] [ERROR] Access to fetch at 'https://uyu3zpj8.api.sanity.io/v2026-05-04/users/me?tag=sanity.studio.users.get-current.initial' from origin 'http://localhost:3000' has been blocked by CORS policy: Response to preflight request doesn't pass access control check: No 'Access-Control-Allow-Origin' header is present on the requested resource. @ http://localhost:3000/studio:0
[  101889ms] [ERROR] Failed to load resource: net::ERR_FAILED @ https://uyu3zpj8.api.sanity.io/v2026-05-04/users/me?tag=sanity.studio.users.get-current.initial:0
[  102252ms] [ERROR] Access to fetch at 'https://uyu3zpj8.api.sanity.io/v2026-05-04/users/me?tag=sanity.studio.users.get-current.initial' from origin 'http://localhost:3000' has been blocked by CORS policy: Response to preflight request doesn't pass access control check: No 'Access-Control-Allow-Origin' header is present on the requested resource. @ http://localhost:3000/studio:0
[  102252ms] [ERROR] Failed to load resource: net::ERR_FAILED @ https://uyu3zpj8.api.sanity.io/v2026-05-04/users/me?tag=sanity.studio.users.get-current.initial:0
[  102744ms] [ERROR] Access to fetch at 'https://uyu3zpj8.api.sanity.io/v2026-05-04/users/me?tag=sanity.studio.users.get-current.initial' from origin 'http://localhost:3000' has been blocked by CORS policy: Response to preflight request doesn't pass access control check: No 'Access-Control-Allow-Origin' header is present on the requested resource. @ http://localhost:3000/studio:0
[  102744ms] [ERROR] Failed to load resource: net::ERR_FAILED @ https://uyu3zpj8.api.sanity.io/v2026-05-04/users/me?tag=sanity.studio.users.get-current.initial:0
[  103361ms] [ERROR] Access to fetch at 'https://uyu3zpj8.api.sanity.io/v2026-05-04/users/me?tag=sanity.studio.users.get-current.initial' from origin 'http://localhost:3000' has been blocked by CORS policy: Response to preflight request doesn't pass access control check: No 'Access-Control-Allow-Origin' header is present on the requested resource. @ http://localhost:3000/studio:0
[  103361ms] [ERROR] Failed to load resource: net::ERR_FAILED @ https://uyu3zpj8.api.sanity.io/v2026-05-04/users/me?tag=sanity.studio.users.get-current.initial:0
[  104443ms] [ERROR] Access to fetch at 'https://uyu3zpj8.api.sanity.io/v2026-05-04/users/me?tag=sanity.studio.users.get-current.initial' from origin 'http://localhost:3000' has been blocked by CORS policy: Response to preflight request doesn't pass access control check: No 'Access-Control-Allow-Origin' header is present on the requested resource. @ http://localhost:3000/studio:0
[  104443ms] [ERROR] Failed to load resource: net::ERR_FAILED @ https://uyu3zpj8.api.sanity.io/v2026-05-04/users/me?tag=sanity.studio.users.get-current.initial:0
[  106248ms] [ERROR] Access to fetch at 'https://uyu3zpj8.api.sanity.io/v2026-05-04/users/me?tag=sanity.studio.users.get-current.initial' from origin 'http://localhost:3000' has been blocked by CORS policy: Response to preflight request doesn't pass access control check: No 'Access-Control-Allow-Origin' header is present on the requested resource. @ http://localhost:3000/studio:0
[  106248ms] [ERROR] Failed to load resource: net::ERR_FAILED @ https://uyu3zpj8.api.sanity.io/v2026-05-04/users/me?tag=sanity.studio.users.get-current.initial:0
[  111652ms] [ERROR] Access to fetch at 'https://uyu3zpj8.api.sanity.io/v2026-05-04/users/me?tag=sanity.studio.users.get-current.initial' from origin 'http://localhost:3000' has been blocked by CORS policy: Response to preflight request doesn't pass access control check: No 'Access-Control-Allow-Origin' header is present on the requested resource. @ http://localhost:3000/studio:0
[  111652ms] [ERROR] Failed to load resource: net::ERR_FAILED @ https://uyu3zpj8.api.sanity.io/v2026-05-04/users/me?tag=sanity.studio.users.get-current.initial:0
[  112083ms] [ERROR] Access to fetch at 'https://uyu3zpj8.api.sanity.io/v2026-05-04/users/me?tag=sanity.studio.users.get-current.initial' from origin 'http://localhost:3000' has been blocked by CORS policy: Response to preflight request doesn't pass access control check: No 'Access-Control-Allow-Origin' header is present on the requested resource. @ http://localhost:3000/studio:0
[  112083ms] [ERROR] Failed to load resource: net::ERR_FAILED @ https://uyu3zpj8.api.sanity.io/v2026-05-04/users/me?tag=sanity.studio.users.get-current.initial:0
[  112494ms] [ERROR] Access to fetch at 'https://uyu3zpj8.api.sanity.io/v2026-05-04/users/me?tag=sanity.studio.users.get-current.initial' from origin 'http://localhost:3000' has been blocked by CORS policy: Response to preflight request doesn't pass access control check: No 'Access-Control-Allow-Origin' header is present on the requested resource. @ http://localhost:3000/studio:0
[  112494ms] [ERROR] Failed to load resource: net::ERR_FAILED @ https://uyu3zpj8.api.sanity.io/v2026-05-04/users/me?tag=sanity.studio.users.get-current.initial:0
[  113098ms] [ERROR] Access to fetch at 'https://uyu3zpj8.api.sanity.io/v2026-05-04/users/me?tag=sanity.studio.users.get-current.initial' from origin 'http://localhost:3000' has been blocked by CORS policy: Response to preflight request doesn't pass access control check: No 'Access-Control-Allow-Origin' header is present on the requested resource. @ http://localhost:3000/studio:0
[  113098ms] [ERROR] Failed to load resource: net::ERR_FAILED @ https://uyu3zpj8.api.sanity.io/v2026-05-04/users/me?tag=sanity.studio.users.get-current.initial:0
[  114153ms] [ERROR] Access to fetch at 'https://uyu3zpj8.api.sanity.io/v2026-05-04/users/me?tag=sanity.studio.users.get-current.initial' from origin 'http://localhost:3000' has been blocked by CORS policy: Response to preflight request doesn't pass access control check: No 'Access-Control-Allow-Origin' header is present on the requested resource. @ http://localhost:3000/studio:0
[  114153ms] [ERROR] Failed to load resource: net::ERR_FAILED @ https://uyu3zpj8.api.sanity.io/v2026-05-04/users/me?tag=sanity.studio.users.get-current.initial:0
[  115974ms] [ERROR] Access to fetch at 'https://uyu3zpj8.api.sanity.io/v2026-05-04/users/me?tag=sanity.studio.users.get-current.initial' from origin 'http://localhost:3000' has been blocked by CORS policy: Response to preflight request doesn't pass access control check: No 'Access-Control-Allow-Origin' header is present on the requested resource. @ http://localhost:3000/studio:0
[  115975ms] [ERROR] Failed to load resource: net::ERR_FAILED @ https://uyu3zpj8.api.sanity.io/v2026-05-04/users/me?tag=sanity.studio.users.get-current.initial:0
[  121334ms] [ERROR] Access to fetch at 'https://uyu3zpj8.api.sanity.io/v2026-05-04/users/me?tag=sanity.studio.users.get-current.initial' from origin 'http://localhost:3000' has been blocked by CORS policy: Response to preflight request doesn't pass access control check: No 'Access-Control-Allow-Origin' header is present on the requested resource. @ http://localhost:3000/studio:0
[  121334ms] [ERROR] Failed to load resource: net::ERR_FAILED @ https://uyu3zpj8.api.sanity.io/v2026-05-04/users/me?tag=sanity.studio.users.get-current.initial:0
[  121627ms] [ERROR] Access to fetch at 'https://uyu3zpj8.api.sanity.io/v2026-05-04/users/me?tag=sanity.studio.users.get-current.initial' from origin 'http://localhost:3000' has been blocked by CORS policy: Response to preflight request doesn't pass access control check: No 'Access-Control-Allow-Origin' header is present on the requested resource. @ http://localhost:3000/studio:0
[  121627ms] [ERROR] Failed to load resource: net::ERR_FAILED @ https://uyu3zpj8.api.sanity.io/v2026-05-04/users/me?tag=sanity.studio.users.get-current.initial:0
[  122015ms] [ERROR] Access to fetch at 'https://uyu3zpj8.api.sanity.io/v2026-05-04/users/me?tag=sanity.studio.users.get-current.initial' from origin 'http://localhost:3000' has been blocked by CORS policy: Response to preflight request doesn't pass access control check: No 'Access-Control-Allow-Origin' header is present on the requested resource. @ http://localhost:3000/studio:0
[  122015ms] [ERROR] Failed to load resource: net::ERR_FAILED @ https://uyu3zpj8.api.sanity.io/v2026-05-04/users/me?tag=sanity.studio.users.get-current.initial:0
[  122632ms] [ERROR] Access to fetch at 'https://uyu3zpj8.api.sanity.io/v2026-05-04/users/me?tag=sanity.studio.users.get-current.initial' from origin 'http://localhost:3000' has been blocked by CORS policy: Response to preflight request doesn't pass access control check: No 'Access-Control-Allow-Origin' header is present on the requested resource. @ http://localhost:3000/studio:0
[  122632ms] [ERROR] Failed to load resource: net::ERR_FAILED @ https://uyu3zpj8.api.sanity.io/v2026-05-04/users/me?tag=sanity.studio.users.get-current.initial:0
[  123643ms] [ERROR] Access to fetch at 'https://uyu3zpj8.api.sanity.io/v2026-05-04/users/me?tag=sanity.studio.users.get-current.initial' from origin 'http://localhost:3000' has been blocked by CORS policy: Response to preflight request doesn't pass access control check: No 'Access-Control-Allow-Origin' header is present on the requested resource. @ http://localhost:3000/studio:0
[  123643ms] [ERROR] Failed to load resource: net::ERR_FAILED @ https://uyu3zpj8.api.sanity.io/v2026-05-04/users/me?tag=sanity.studio.users.get-current.initial:0
[  125500ms] [ERROR] Access to fetch at 'https://uyu3zpj8.api.sanity.io/v2026-05-04/users/me?tag=sanity.studio.users.get-current.initial' from origin 'http://localhost:3000' has been blocked by CORS policy: Response to preflight request doesn't pass access control check: No 'Access-Control-Allow-Origin' header is present on the requested resource. @ http://localhost:3000/studio:0
[  125500ms] [ERROR] Failed to load resource: net::ERR_FAILED @ https://uyu3zpj8.api.sanity.io/v2026-05-04/users/me?tag=sanity.studio.users.get-current.initial:0
[  130832ms] [ERROR] Access to fetch at 'https://uyu3zpj8.api.sanity.io/v2026-05-04/users/me?tag=sanity.studio.users.get-current.initial' from origin 'http://localhost:3000' has been blocked by CORS policy: Response to preflight request doesn't pass access control check: No 'Access-Control-Allow-Origin' header is present on the requested resource. @ http://localhost:3000/studio:0
[  130832ms] [ERROR] Failed to load resource: net::ERR_FAILED @ https://uyu3zpj8.api.sanity.io/v2026-05-04/users/me?tag=sanity.studio.users.get-current.initial:0
[  131104ms] [ERROR] Access to fetch at 'https://uyu3zpj8.api.sanity.io/v2026-05-04/users/me?tag=sanity.studio.users.get-current.initial' from origin 'http://localhost:3000' has been blocked by CORS policy: Response to preflight request doesn't pass access control check: No 'Access-Control-Allow-Origin' header is present on the requested resource. @ http://localhost:3000/studio:0
[  131104ms] [ERROR] Failed to load resource: net::ERR_FAILED @ https://uyu3zpj8.api.sanity.io/v2026-05-04/users/me?tag=sanity.studio.users.get-current.initial:0
[  131469ms] [ERROR] Access to fetch at 'https://uyu3zpj8.api.sanity.io/v2026-05-04/users/me?tag=sanity.studio.users.get-current.initial' from origin 'http://localhost:3000' has been blocked by CORS policy: Response to preflight request doesn't pass access control check: No 'Access-Control-Allow-Origin' header is present on the requested resource. @ http://localhost:3000/studio:0
[  131469ms] [ERROR] Failed to load resource: net::ERR_FAILED @ https://uyu3zpj8.api.sanity.io/v2026-05-04/users/me?tag=sanity.studio.users.get-current.initial:0
[  132034ms] [ERROR] Access to fetch at 'https://uyu3zpj8.api.sanity.io/v2026-05-04/users/me?tag=sanity.studio.users.get-current.initial' from origin 'http://localhost:3000' has been blocked by CORS policy: Response to preflight request doesn't pass access control check: No 'Access-Control-Allow-Origin' header is present on the requested resource. @ http://localhost:3000/studio:0
[  132034ms] [ERROR] Failed to load resource: net::ERR_FAILED @ https://uyu3zpj8.api.sanity.io/v2026-05-04/users/me?tag=sanity.studio.users.get-current.initial:0
[  133073ms] [ERROR] Access to fetch at 'https://uyu3zpj8.api.sanity.io/v2026-05-04/users/me?tag=sanity.studio.users.get-current.initial' from origin 'http://localhost:3000' has been blocked by CORS policy: Response to preflight request doesn't pass access control check: No 'Access-Control-Allow-Origin' header is present on the requested resource. @ http://localhost:3000/studio:0
[  133073ms] [ERROR] Failed to load resource: net::ERR_FAILED @ https://uyu3zpj8.api.sanity.io/v2026-05-04/users/me?tag=sanity.studio.users.get-current.initial:0
[  135012ms] [ERROR] Access to fetch at 'https://uyu3zpj8.api.sanity.io/v2026-05-04/users/me?tag=sanity.studio.users.get-current.initial' from origin 'http://localhost:3000' has been blocked by CORS policy: Response to preflight request doesn't pass access control check: No 'Access-Control-Allow-Origin' header is present on the requested resource. @ http://localhost:3000/studio:0
[  135012ms] [ERROR] Failed to load resource: net::ERR_FAILED @ https://uyu3zpj8.api.sanity.io/v2026-05-04/users/me?tag=sanity.studio.users.get-current.initial:0
[  157250ms] [INFO] %cDownload the React DevTools for a better development experience: https://react.dev/link/react-devtools font-weight:bold @ http://localhost:3000/_next/static/chunks/node_modules_next_dist_1e8vcs8._.js:776
[  157379ms] [LOG] [HMR] connected @ http://localhost:3000/_next/static/chunks/node_modules_next_dist_1e8vcs8._.js:776
[  157972ms] Error: Switched to client rendering because the server rendering errored:

Cannot read properties of null (reading 'useMemoCache')
    at process.env.NODE_ENV.exports.c (C:\okemmanuel\2026-portfolio\node_modules\react\cjs\react-compiler-runtime.development.js:22:25)
    at Studio (file:///C:/okemmanuel/2026-portfolio/node_modules/sanity/lib/index.js:17330:10)
    at Object.react_stack_bottom_frame (C:\okemmanuel\2026-portfolio\node_modules\next\dist\compiled\next-server\app-page-turbo.runtime.dev.js:2:318217)
    at renderWithHooks (C:\okemmanuel\2026-portfolio\node_modules\next\dist\compiled\next-server\app-page-turbo.runtime.dev.js:2:120350)
    at renderElement (C:\okemmanuel\2026-portfolio\node_modules\next\dist\compiled\next-server\app-page-turbo.runtime.dev.js:2:135019)
    at retryNode (C:\okemmanuel\2026-portfolio\node_modules\next\dist\compiled\next-server\app-page-turbo.runtime.dev.js:2:204118)
    at renderNodeDestructive (C:\okemmanuel\2026-portfolio\node_modules\next\dist\compiled\next-server\app-page-turbo.runtime.dev.js:2:203353)
    at renderNode (C:\okemmanuel\2026-portfolio\node_modules\next\dist\compiled\next-server\app-page-turbo.runtime.dev.js:2:215415)
    at renderElement (C:\okemmanuel\2026-portfolio\node_modules\next\dist\compiled\next-server\app-page-turbo.runtime.dev.js:2:183795)
    at retryNode (C:\okemmanuel\2026-portfolio\node_modules\next\dist\compiled\next-server\app-page-turbo.runtime.dev.js:2:204118)
    at renderNodeDestructive (C:\okemmanuel\2026-portfolio\node_modules\next\dist\compiled\next-server\app-page-turbo.runtime.dev.js:2:203353)
    at finishFunctionComponent (C:\okemmanuel\2026-portfolio\node_modules\next\dist\compiled\next-server\app-page-turbo.runtime.dev.js:2:121360)
    at renderElement (C:\okemmanuel\2026-portfolio\node_modules\next\dist\compiled\next-server\app-page-turbo.runtime.dev.js:2:136524)
    at retryNode (C:\okemmanuel\2026-portfolio\node_modules\next\dist\compiled\next-server\app-page-turbo.runtime.dev.js:2:204118)
    at renderNodeDestructive (C:\okemmanuel\2026-portfolio\node_modules\next\dist\compiled\next-server\app-page-turbo.runtime.dev.js:2:203353)
    at renderNode (C:\okemmanuel\2026-portfolio\node_modules\next\dist\compiled\next-server\app-page-turbo.runtime.dev.js:2:215415)
    at renderChildrenArray (C:\okemmanuel\2026-portfolio\node_modules\next\dist\compiled\next-server\app-page-turbo.runtime.dev.js:2:209878)
    at retryNode (C:\okemmanuel\2026-portfolio\node_modules\next\dist\compiled\next-server\app-page-turbo.runtime.dev.js:2:204591)
    at renderNodeDestructive (C:\okemmanuel\2026-portfolio\node_modules\next\dist\compiled\next-server\app-page-turbo.runtime.dev.js:2:203353)
    at renderElement (C:\okemmanuel\2026-portfolio\node_modules\next\dist\compiled\next-server\app-page-turbo.runtime.dev.js:2:184695)
    at retryNode (C:\okemmanuel\2026-portfolio\node_modules\next\dist\compiled\next-server\app-page-turbo.runtime.dev.js:2:204118)
    at renderNodeDestructive (C:\okemmanuel\2026-portfolio\node_modules\next\dist\compiled\next-server\app-page-turbo.runtime.dev.js:2:203353)
    at finishFunctionComponent (C:\okemmanuel\2026-portfolio\node_modules\next\dist\compiled\next-server\app-page-turbo.runtime.dev.js:2:121360)
    at renderElement (C:\okemmanuel\2026-portfolio\node_modules\next\dist\compiled\next-server\app-page-turbo.runtime.dev.js:2:136524)
    at renderElement (C:\okemmanuel\2026-portfolio\node_modules\next\dist\compiled\next-server\app-page-turbo.runtime.dev.js:2:196947)
    at retryNode (C:\okemmanuel\2026-portfolio\node_modules\next\dist\compiled\next-server\app-page-turbo.runtime.dev.js:2:204118)
    at renderNodeDestructive (C:\okemmanuel\2026-portfolio\node_modules\next\dist\compiled\next-server\app-page-turbo.runtime.dev.js:2:203353)
    at renderNode (C:\okemmanuel\2026-portfolio\node_modules\next\dist\compiled\next-server\app-page-turbo.runtime.dev.js:2:215415)
    at renderElement (C:\okemmanuel\2026-portfolio\node_modules\next\dist\compiled\next-server\app-page-turbo.runtime.dev.js:2:192132)
    at retryNode (C:\okemmanuel\2026-portfolio\node_modules\next\dist\compiled\next-server\app-page-turbo.runtime.dev.js:2:204118)
    at renderNodeDestructive (C:\okemmanuel\2026-portfolio\node_modules\next\dist\compiled\next-server\app-page-turbo.runtime.dev.js:2:203353)
    at finishFunctionComponent (C:\okemmanuel\2026-portfolio\node_modules\next\dist\compiled\next-server\app-page-turbo.runtime.dev.js:2:121360)
    at renderElement (C:\okemmanuel\2026-portfolio\node_modules\next\dist\compiled\next-server\app-page-turbo.runtime.dev.js:2:136524)
    at retryNode (C:\okemmanuel\2026-portfolio\node_modules\next\dist\compiled\next-server\app-page-turbo.runtime.dev.js:2:204118)
    at renderNodeDestructive (C:\okemmanuel\2026-portfolio\node_modules\next\dist\compiled\next-server\app-page-turbo.runtime.dev.js:2:203353)
    at renderNode (C:\okemmanuel\2026-portfolio\node_modules\next\dist\compiled\next-server\app-page-turbo.runtime.dev.js:2:215415)
    at renderChildrenArray (C:\okemmanuel\2026-portfolio\node_modules\next\dist\compiled\next-server\app-page-turbo.runtime.dev.js:2:209878)
    at retryNode (C:\okemmanuel\2026-portfolio\node_modules\next\dist\compiled\next-server\app-page-turbo.runtime.dev.js:2:204591)
    at renderNodeDestructive (C:\okemmanuel\2026-portfolio\node_modules\next\dist\compiled\next-server\app-page-turbo.runtime.dev.js:2:203353)
    at renderElement (C:\okemmanuel\2026-portfolio\node_modules\next\dist\compiled\next-server\app-page-turbo.runtime.dev.js:2:184695)
    at retryNode (C:\okemmanuel\2026-portfolio\node_modules\next\dist\compiled\next-server\app-page-turbo.runtime.dev.js:2:204118)
    at renderNodeDestructive (C:\okemmanuel\2026-portfolio\node_modules\next\dist\compiled\next-server\app-page-turbo.runtime.dev.js:2:203353)
    at finishFunctionComponent (C:\okemmanuel\2026-portfolio\node_modules\next\dist\compiled\next-server\app-page-turbo.runtime.dev.js:2:121360)
    at renderElement (C:\okemmanuel\2026-portfolio\node_modules\next\dist\compiled\next-server\app-page-turbo.runtime.dev.js:2:136524)
    at retryNode (C:\okemmanuel\2026-portfolio\node_modules\next\dist\compiled\next-server\app-page-turbo.runtime.dev.js:2:204118)
    at renderNodeDestructive (C:\okemmanuel\2026-portfolio\node_modules\next\dist\compiled\next-server\app-page-turbo.runtime.dev.js:2:203353)
    at finishFunctionComponent (C:\okemmanuel\2026-portfolio\node_modules\next\dist\compiled\next-server\app-page-turbo.runtime.dev.js:2:121360)
    at renderElement (C:\okemmanuel\2026-portfolio\node_modules\next\dist\compiled\next-server\app-page-turbo.runtime.dev.js:2:136524)
    at renderElement (C:\okemmanuel\2026-portfolio\node_modules\next\dist\compiled\next-server\app-page-turbo.runtime.dev.js:2:196947)
    at retryNode (C:\okemmanuel\2026-portfolio\node_modules\next\dist\compiled\next-server\app-page-turbo.runtime.dev.js:2:204118)
